// Jest Snapshot v1, https://goo.gl/fbAQLP

exports[`<Main /> should render the heading 1`] = `
.c0 {
  background-color: #518ca3;
  color: #fff;
  height: 100%;
  width: 100%;
}

<main
  class="c0"
>
  <h1>
    Boilerplate
  </h1>
</main>
`
